// Jest Snapshot v1, https://goo.gl/fbAQLP

exports[`CodeVerification test should render 1`] = `
<ContextProvider
  value={
    Object {
      "defaultFormats": Object {},
      "defaultLocale": "en",
      "defaultRichTextElements": undefined,
      "formatDate": [Function],
      "formatDateTimeRange": [Function],
      "formatDateToParts": [Function],
      "formatDisplayName": [Function],
      "formatList": [Function],
      "formatListToParts": [Function],
      "formatMessage": [Function],
      "formatNumber": [Function],
      "formatNumberToParts": [Function],
      "formatPlural": [Function],
      "formatRelativeTime": [Function],
      "formatTime": [Function],
      "formatTimeToParts": [Function],
      "formats": Object {},
      "formatters": Object {
        "getDateTimeFormat": [Function],
        "getDisplayNames": [Function],
        "getListFormat": [Function],
        "getMessageFormat": [Function],
        "getNumberFormat": [Function],
        "getPluralRules": [Function],
        "getRelativeTimeFormat": [Function],
      },
      "locale": "en",
      "messages": Object {},
      "onError": [Function],
      "textComponent": Symbol(react.fragment),
      "timeZone": undefined,
      "wrapRichTextChunksInFragment": undefined,
    }
  }
>
  <CodeVerification
    code=""
    codeLength={6}
    onChange={[MockFunction]}
    onSubmit={[MockFunction]}
    placeholder=""
    type=""
  />
</ContextProvider>
`;
