// Jest Snapshot v1, https://goo.gl/fbAQLP

exports[`CryptoIcon should render 1`] = `ShallowWrapper {}`;
