// Jest Snapshot v1, https://goo.gl/fbAQLP

exports[`Close Button should render 1`] = `
<div>
  <button
    class="cr-button-percentage-100"
  >
    10000%
  </button>
</div>
`;
