// Jest Snapshot v1, https://goo.gl/fbAQLP

exports[`TwoFactorAuth component should render 1`] = `ShallowWrapper {}`;
