// Jest Snapshot v1, https://goo.gl/fbAQLP

exports[`WalletItem #render should match snapshot 1`] = `
<div
  class="cr-wallet-item "
  style="display:flex;justify-content:space-between"
>
  <div
    class="cr-wallet-item__info"
  >
    <span
      class="cr-crypto-icon cr-wallet-item__icon"
    >
      <img
        alt="BTC"
      />
       
    </span>
    <div
      class="cr-wallet-item__description"
    >
      <span
        class="cr-wallet-item__description-currency"
      >
        BTC
      </span>
      <span
        class="cr-wallet-item__description-name"
      >
        Bitcoin
      </span>
    </div>
  </div>
  <span
    class="cr-wallet-item__balance"
  >
    <span>
      45
    </span>
    <span
      class="cr-decimal__opacity"
    >
      .00000000
    </span>
    <div
      class="cr-wallet-item__balance-price"
    >
      â‰ˆ $0.0000
    </div>
  </span>
</div>
`;
