// Jest Snapshot v1, https://goo.gl/fbAQLP

exports[`GridItem should render 1`] = `ShallowWrapper {}`;
