// Jest Snapshot v1, https://goo.gl/fbAQLP

exports[`CopyableTextField should render 1`] = `ShallowWrapper {}`;
