// Jest Snapshot v1, https://goo.gl/fbAQLP

exports[`RecentTradesComponent should render 1`] = `ShallowWrapper {}`;
