// Jest Snapshot v1, https://goo.gl/fbAQLP

exports[`CustomInput component should render 1`] = `ShallowWrapper {}`;
