// Jest Snapshot v1, https://goo.gl/fbAQLP

exports[`History should render 1`] = `
<div
  class="cr-order-book"
>
  <div
    class="cr-table-container"
  >
    <div
      class="cr-table-header__content"
    >
      <div
        class="cr-title-component"
      >
        Bids
      </div>
    </div>
    <table
      class="cr-table"
    >
      <thead
        class="cr-table__head"
      >
        <tr
          class="cr-table__head-row"
        >
          <th>
            Total
          </th>
          <th>
            Amount
          </th>
          <th>
            Price
          </th>
        </tr>
      </thead>
      <tbody
        class="cr-table__body"
      >
        <tr
          class=""
        >
          <td>
            12349
          </td>
          <td>
            14
          </td>
          <td>
            12
          </td>
        </tr>
        <tr
          class=""
        >
          <td>
            12349
          </td>
          <td>
            14
          </td>
          <td>
            1211
          </td>
        </tr>
        <tr
          class=""
        >
          <td>
            12349
          </td>
          <td>
            14
          </td>
          <td>
            124
          </td>
        </tr>
        <tr
          class=""
        >
          <td>
            12349
          </td>
          <td>
            14
          </td>
          <td>
            121
          </td>
        </tr>
        <tr
          class=""
        >
          <td>
            12349
          </td>
          <td>
            14
          </td>
          <td>
            1991
          </td>
        </tr>
      </tbody>
    </table>
    <div
      class="cr-table-background"
    >
      <span
        class="cr-table-background__row"
        style="display:none;background-color:rgba(184, 233, 245, 0.7)"
      />
      <span
        class="cr-table-background__row"
        style="display:none;background-color:rgba(184, 233, 245, 0.7)"
      />
      <span
        class="cr-table-background__row"
        style="display:none;background-color:rgba(184, 233, 245, 0.7)"
      />
      <span
        class="cr-table-background__row"
        style="display:none;background-color:rgba(184, 233, 245, 0.7)"
      />
      <span
        class="cr-table-background__row"
        style="display:none;background-color:rgba(184, 233, 245, 0.7)"
      />
    </div>
  </div>
</div>
`;
