// Jest Snapshot v1, https://goo.gl/fbAQLP

exports[`ChangeForgottenPasswordScreen test should render 1`] = `ShallowWrapper {}`;
