// Jest Snapshot v1, https://goo.gl/fbAQLP

exports[`EmailVerificationScreen should render 1`] = `ShallowWrapper {}`;
