// Jest Snapshot v1, https://goo.gl/fbAQLP

exports[`HistoryScreen should render 1`] = `ShallowWrapper {}`;
