// Jest Snapshot v1, https://goo.gl/fbAQLP

exports[`MaintenanceScreen should render 1`] = `ShallowWrapper {}`;
