// Jest Snapshot v1, https://goo.gl/fbAQLP

exports[`ProfileScreen test should render 1`] = `ShallowWrapper {}`;
