// Jest Snapshot v1, https://goo.gl/fbAQLP

exports[`RestrictedScreen should render 1`] = `ShallowWrapper {}`;
