// Jest Snapshot v1, https://goo.gl/fbAQLP

exports[`SignInScreen should render 1`] = `ShallowWrapper {}`;
