// Jest Snapshot v1, https://goo.gl/fbAQLP

exports[`VerificationScreen test should render 1`] = `ShallowWrapper {}`;
