// Jest Snapshot v1, https://goo.gl/fbAQLP

exports[`Layout component should render 1`] = `ShallowWrapper {}`;
