// Jest Snapshot v1, https://goo.gl/fbAQLP

exports[`WalletList should render 1`] = `ShallowWrapper {}`;
