// Jest Snapshot v1, https://goo.gl/fbAQLP

exports[`SummaryField should render 1`] = `ShallowWrapper {}`;
