// Jest Snapshot v1, https://goo.gl/fbAQLP

exports[`DepositFiat should match snapshot 1`] = `ShallowWrapper {}`;
