// Jest Snapshot v1, https://goo.gl/fbAQLP

exports[`WalletsFetch component should match snapshot 1`] = `ShallowWrapper {}`;
