// Jest Snapshot v1, https://goo.gl/fbAQLP

exports[`PasswordStrengthMeter component should render 1`] = `ShallowWrapper {}`;
