// Jest Snapshot v1, https://goo.gl/fbAQLP

exports[`History should render 1`] = `ShallowWrapper {}`;
